============================= test session starts =============================
platform win32 -- Python 3.11.6, pytest-9.0.2, pluggy-1.6.0
rootdir: C:\Users\Readers' Paradise\Desktop\holidays-framework
configfile: pyproject.toml
plugins: cov-7.1.0
collected 29 items

tests\countries\test_india.py .............F...............              [100%]

================================== FAILURES ===================================
___________________________ TestIndia.test_l10n_gu ____________________________

self = <tests.countries.test_india.TestIndia testMethod=test_l10n_gu>

    def test_l10n_gu(self):
>       self.assertLocalizedHolidays(
            "gu",
            ("2018-01-13", "\u0ab2\u0acb\u0ab9\u0ab0\u0ac0"),
            ("2018-01-14", "\u0a89\u0aa4\u0acd\u0aa4\u0ab0\u0abe\u0aaf\u0aa3; \u0aaa\u0acb\u0a82\u0a97\u0ab2; \u0aae\u0a95\u0ab0\u0ab8\u0a82\u0a95\u0acd\u0ab0\u0abe\u0a82\u0aa4\u0abf; \u0aae\u0abe\u0a98 \u0aac\u0abf\u0ab9\u0ac1"),
            ("2018-01-15", "\u0aa4\u0abf\u0ab0\u0ac1\u0ab5\u0ab2\u0acd\u0ab2\u0ac1\u0ab5\u0ab0 \u0aa6\u0abf\u0ab5\u0ab8 / \u0aae\u0a9f\u0acd\u0a9f\u0ac1 \u0aaa\u0acb\u0a82\u0a97\u0ab2"),
            ("2018-01-16", "\u0a89\u0a9d\u0abe\u0ab5\u0ab0 \u0aa5\u0abf\u0ab0\u0ac1\u0aa8\u0ab2"),
            ("2018-01-24", "\u0aaf\u0ac1\u0aaa\u0ac0 \u0ab8\u0acd\u0aa5\u0abe\u0aaa\u0aa8\u0abe \u0aa6\u0abf\u0ab5\u0ab8"),
            ("2018-01-26", "\u0aaa\u0acd\u0ab0\u0a9c\u0abe\u0ab8\u0aa4\u0acd\u0aa4\u0abe\u0a95 \u0aa6\u0abf\u0ab5\u0ab8"),
            ("2018-02-13", "\u0aae\u0ab9\u0abe\u0ab6\u0abf\u0ab5\u0ab0\u0abe\u0aa4\u0acd\u0ab0\u0ac0"),
            ("2018-02-19", "\u0a9b\u0aa4\u0acd\u0ab0\u0aaa\u0aa4\u0abf \u0ab6\u0abf\u0ab5\u0abe\u0a9c\u0ac0 \u0aae\u0ab9\u0abe\u0ab0\u0abe\u0a9c \u0a9c\u0aaf\u0a82\u0aa4\u0abf"),
            ("2018-02-20", "\u0aae\u0abf\u0a9d\u0acb\u0ab0\u0aae \u0ab0\u0abe\u0a9c\u0acd\u0aaf \u0aa6\u0abf\u0ab5\u0ab8"),
            ("2018-03-02", "\u0ab9\u0acb\u0ab3\u0ac0"),
            ("2018-03-18", "\u0a89\u0a97\u0abe\u0aa1\u0ac0; \u0a97\u0ac1\u0aa1\u0ac0 \u0aaa\u0aa1\u0ab5\u0acb"),
            ("2018-03-22", "\u0aac\u0abf\u0ab9\u0abe\u0ab0 \u0aa6\u0abf\u0ab5\u0ab8"),
            ("2018-03-25", "\u0aaa\u0abe\u0aae \u0ab8\u0aa8\u0acd\u0aa1\u0ac7; \u0ab0\u0abe\u0aae \u0aa8\u0ab5\u0aae\u0ac0"),
            ("2018-03-29", "\u0aae\u0ab9\u0abe\u0ab5\u0ac0\u0ab0 \u0a9c\u0aaf\u0a82\u0aa4\u0abf"),
            ("2018-03-30", "\u0a97\u0ac1\u0aa1 \u0aab\u0acd\u0ab0\u0abe\u0a88\u0aa1\u0ac7; \u0ab0\u0abe\u0a9c\u0ab8\u0acd\u0aa5\u0abe\u0aa8 \u0aa6\u0abf\u0ab5\u0ab8"),
            ("2018-04-01", "\u0a88\u0ab8\u0acd\u0a9f\u0ab0 \u0ab8\u0aa8\u0acd\u0aa1\u0ac7; \u0a93\u0aa1\u0abf\u0ab6\u0abe \u0aa6\u0abf\u0ab5\u0ab8 (\u0a89\u0aa4\u0acd\u0a95\u0ab2 \u0aa6\u0abf\u0ab5\u0ab8)"),
            ("2018-04-14", "\u0aa1\u0ac9. \u0aac\u0ac0. \u0a86\u0ab0. \u0a86\u0a82\u0aac\u0ac7\u0aa1\u0a95\u0ab0 \u0a9c\u0aaf\u0a82\u0aa4\u0abf; \u0aaa\u0ac1\u0aa5\u0a82\u0aa1\u0ac1 (\u0aa4\u0aae\u0abf\u0ab2 \u0aa8\u0ab5\u0ac1\u0a82 \u0ab5\u0ab0\u0acd\u0ab7); \u0ab5\u0ac8\u0ab6\u0abe\u0a96\u0ac0"),
            ("2018-04-15", "\u0aaa\u0acb\u0ab9\u0ac7\u0ab2\u0abe \u0aac\u0acb\u0a88\u0ab6\u0abe\u0a96; \u0aae\u0ab9\u0abe \u0ab5\u0abf\u0ab7\u0ac1\u0ab5 \u0ab8\u0a82\u0a95\u0acd\u0ab0\u0abe\u0a82\u0aa4\u0abf / \u0aaa\u0abe\u0aa8\u0abe \u0ab8\u0a82\u0a95\u0acd\u0ab0\u0abe\u0a82\u0aa4\u0abf; \u0ab9\u0abf\u0aae\u0abe\u0a9a\u0ab2 \u0aa6\u0abf\u0ab5\u0ab8"),
            ("2018-04-30", "\u0aac\u0ac1\u0aa6\u0acd\u0aa7 \u0aaa\u0ac2\u0ab0\u0acd\u0aa3\u0abf\u0aae\u0abe"),
            ("2018-05-01", "\u0a97\u0ac1\u0a9c\u0ab0\u0abe\u0aa4 \u0ab8\u0acd\u0aa5\u0abe\u0aaa\u0aa8\u0abe \u0aa6\u0abf\u0ab5\u0ab8; \u0aae\u0a9c\u0ac2\u0ab0 \u0aa6\u0abf\u0ab5\u0ab8; \u0aae\u0ab9\u0abe\u0ab0\u0abe\u0ab7\u0acd\u0a9f\u0acd\u0ab0 \u0aa6\u0abf\u0ab5\u0ab8"),
            ("2018-05-09", "\u0ab0\u0ab5\u0ac0\u0aa8\u0acd\u0aa6\u0acd\u0ab0 \u0a9c\u0aaf\u0a82\u0aa4\u0ac0"),
            ("2018-05-16", "\u0ab8\u0abf\u0a95\u0acd\u0a95\u0abf\u0aae \u0ab0\u0abe\u0a9c\u0acd\u0aaf \u0aa6\u0abf\u0ab5\u0ab8"),
            ("2018-06-02", "\u0aa4\u0ac7\u0ab2\u0a82\u0a97\u0abe\u0aa3\u0abe \u0ab8\u0acd\u0aa5\u0abe\u0aaa\u0aa8\u0abe \u0aa6\u0abf\u0ab5\u0ab8"),
            ("2018-06-16", "\u0a88\u0aa6-\u0a89\u0ab2-\u0aab\u0abf\u0aa4\u0acd\u0ab0; \u0aae\u0ab9\u0abe\u0ab0\u0abe\u0aa3\u0abe \u0aaa\u0acd\u0ab0\u0aa4\u0abe\u0aaa \u0a9c\u0aaf\u0a82\u0aa4\u0ac0"),
            ("2018-08-15", "\u0ab8\u0acd\u0ab5\u0aa4\u0a82\u0aa4\u0acd\u0ab0\u0aa4\u0abe \u0aa6\u0abf\u0ab5\u0ab8"),
            ("2018-08-16", "\u0aaa\u0ac1\u0aa1\u0ac1\u0a9a\u0ac7\u0ab0\u0ac0 \u0aa1\u0ac0 \u0a9c\u0acd\u0aaf\u0ac1\u0ab0 \u0a9f\u0acd\u0ab0\u0abe\u0aa8\u0acd\u0ab8\u0aab\u0ab0 \u0aa6\u0abf\u0ab5\u0ab8"),
            ("2018-08-22", "\u0aac\u0a95\u0ab0\u0ac0 \u0a88\u0aa6"),
            ("2018-08-24", "\u0a93\u0aa3\u0aae"),
            ("2018-08-26", "\u0ab0\u0a95\u0acd\u0ab7\u0abe\u0aac\u0a82\u0aa7\u0aa8"),
            ("2018-09-03", "\u0a9c\u0aa8\u0acd\u0aae\u0abe\u0ab7\u0acd\u0a9f\u0aae\u0ac0"),
            ("2018-09-04", "\u0aa6\u0ab9\u0ac0\u0a82 \u0ab9\u0abe\u0a82\u0aa1\u0ac0"),
            ("2018-09-13", "\u0a97\u0aa3\u0ac7\u0ab6 \u0a9a\u0aa4\u0ac1\u0ab0\u0acd\u0aa5\u0ac0"),
            ("2018-09-21", "\u0aae\u0acb\u0ab9\u0ab0\u0aae"),
            ("2018-10-02", "\u0a97\u0abe\u0a82\u0aa7\u0ac0 \u0a9c\u0aaf\u0a82\u0aa4\u0abf"),
            ("2018-10-08", "\u0aac\u0aa5\u0ac1\u0a95\u0aae\u0acd\u0aae\u0bbe \u0b89\u0ba4\u0bcd\u0bb8\u0bb5"),
            ("2018-10-10", "\u0aa8\u0ab5\u0ab0\u0abe\u0aa4\u0acd\u0ab0\u0ac0 / \u0ab6\u0ab0\u0aa6 \u0aa8\u0ab5\u0ab0\u0abe\u0aa4\u0acd\u0ab0\u0ac0"),
            ("2018-10-17", "\u0aae\u0ab9\u0abe\u0aa8\u0ab5\u0aae\u0ac0"),
            ("2018-10-19", "\u0aa6\u0ab6\u0ac7\u0ab0\u0abe"),
            ("2018-10-31", "\u0ab8\u0ab0\u0aa6\u0abe\u0ab0 \u0ab5\u0ab2\u0acd\u0ab2\u0aad\u0aad\u0abe\u0a88 \u0aaa\u0a9f\u0ac7\u0ab2 \u0a9c\u0aaf\u0a82\u0aa4\u0abf"),
            (
                "2018-11-01",
                "\u0a86\u0a82\u0c27\u0acd\u0ab0 \u0aaa\u0acd\u0ab0\u0aa6\u0ac7\u0ab6 \u0ab8\u0acd\u0c25\u0bbe\u0baa\u0ba9\u0bbe \u0ba4\u0bbf\u0ba9\u0bae\u0bcd; "
                "\u0b95\u0bb0\u0bcd\u0ba3\u0bbe\u0b9f\u0b95 \u0bb0\u0bbe\u0b9c\u0bcd\u0baf\u0bcb\u0ba4\u0bcd\u0bb8\u0bb5\u0bae\u0bcd; \u0b95\u0d47\u0d30\u0d33 \u0d38\u0d4d\u0d25\u0d3e\u0d2a\u0d28 \u0d26\u0d3f\u0d35\u0d38\u0d02; "
                "\u091b\u0924\u094d\u0924\u0940\u0938\u0917\u0922\u093c \u0938\u094d\u0925\u093e\u092a\u0928\u093e \u0926\u093f\u0935\u0938; \u092a\u0902\u091c\u093e\u092c \u0926\u093f\u0935\u0938; "
                "\u0baa\u0bc1\u0b9f\u0bc1\u0b9a\u0bcd\u0b9a\u0bc7\u0bb0\u0bbf \u0bae\u0bc1\u0b95\u0bcd\u0ba4\u0bbf \u0ba4\u0bbf\u0ba9\u0bae\u0bcd; \u092e\u0927\u094d\u092f \u092a\u094d\u0930\u0926\u0947\u0936 \u0938\u094d\u0925\u093e\u092a\u0928\u093e \u0926\u093f\u0935\u0938; "
                "\u0ab9\u0ab0\u0abf\u0aaf\u0abe\u0aa3\u0abe \u0ab8\u0acd\u0aa5\u0abe\u0aaa\u0aa8\u0abe \u0aa6\u0abf\u0ab5\u0ab8",
            ),
            ("2018-11-07", "\u0aa6\u0abf\u0ab5\u0abe\u0ab3\u0ac0"),
            ("2018-11-08", "\u0a97\u0acb\u0ab5\u0ab0\u0acd\u0aa7\u0aa8 \u0aaa\u0ac2\u0a9c\u0abe"),
            ("2018-11-13", "\u0a9b\u0aa0 \u0aaa\u0ac2\u0a9c\u0abe"),
            ("2018-11-14", "\u0aac\u0abe\u0ab3 \u0aa6\u0abf\u0ab5\u0ab8"),
            ("2018-11-15", "\u0a9d\u0abe\u0ab0\u0a96\u0a82\u0aa1 \u0ab8\u0acd\u0aa5\u0abe\u0aaa\u0aa8\u0abe \u0aa6\u0abf\u0ab5\u0ab8"),
            ("2018-11-21", "\u0aae\u0abf\u0ab2\u0abe\u0aa6-\u0a89\u0aa8-\u0aa8\u0aac\u0ac0"),
            ("2018-11-23", "\u0a97\u0ac1\u0ab0\u0ac1 \u0aa8\u0abe\u0aa8\u0a95 \u0a9c\u0aaf\u0a82\u0aa4\u0abf"),
            ("2018-12-01", "\u0aa8\u0abe\u0a97\u0abe\u0ab2\u0ac7\u0aa8\u0acd\u0aa1 \u0ab0\u0abe\u0a9c\u0acd\u0aaf \u0a89\u0aa6\u0acd\u0a98\u0abe\u0a9f\u0aa8 \u0aa6\u0abf\u0ab5\u0ab8"),
            ("2018-12-02", "\u0a86\u0ab8\u0abe\u0aae \u0aa6\u0abf\u0ab5\u0ab8"),
            ("2018-12-19", "\u0a97\u0acb\u0ab5\u0abe \u0aae\u0ac1\u0a95\u0acd\u0aa4\u0abf \u0aa6\u0abf\u0ab5\u0ab8"),
            ("2018-12-25", "\u0aa8\u0abe\u0aa4\u0abe\u0ab2"),
        )

tests\countries\test_india.py:676:
_ _ _ _ _ _ _ _ _ _ _ _ _ _ _ _ _ _ _ _ _ _ _ _ _ _ _ _ _ _ _ _ _ _ _ _ _ _ _ _
tests\common.py:638: in assertLocalizedHolidays
    self._assertLocalizedHolidays(localized_holidays, language)
tests\common.py:621: in _assertLocalizedHolidays
    self.assertEqual(
E   AssertionError: Tuples differ: (('20[901 chars] \u0a9c\u0aaf\u0a82\u0aa4\u0abf'), ('2018-05-16', '\u0ab8\u0abf\u0a95\u0acd\u0a95\u0abf\u0aae \u0ab0\u0abe\u0a9c\u0acd\u0aaf \u0aa6\u0abf\u0ab5\u0ab8')[1123 chars]\u0abe\u0ab2')) != (('20[901 chars] \u0a9c\u0aaf\u0a82\u0aa4\u0ac0'), ('2018-05-16', '\u0ab8\u0abf\u0a95\u0acd\u0a95\u0abf\u0aae \u0ab0\u0abe\u0a9c\u0acd\u0aaf \u0aa6\u0abf\u0ab5\u0ab8')[1131 chars]\u0abe\u0ab2'))
E
E   First differing element 20:
E   ('2018-05-09', '\u0ab0\u0ab5\u0ac0\u0aa8\u0acd\u0aa6\u0acd\u0ab0 \u0a9c\u0aaf\u0a82\u0aa4\u0abf')
E   ('2018-05-09', '\u0ab0\u0ab5\u0ac0\u0aa8\u0acd\u0aa6\u0acd\u0ab0 \u0a9c\u0aaf\u0a82\u0aa4\u0ac0')
E
E   Diff is 2914 characters long. Set self.maxDiff to None to see it. : Please make sure all holiday names are localized: (('2018-01-13', '\u0ab2\u0acb\u0ab9\u0ab0\u0ac0'), ('2018-01-14', '\u0a89\u0aa4\u0acd\u0aa4\u0ab0\u0abe\u0aaf\u0aa3; \u0aaa\u0acb\u0a82\u0a97\u0ab2; \u0aae\u0a95\u0ab0\u0ab8\u0a82\u0a95\u0acd\u0ab0\u0abe\u0a82\u0aa4\u0abf; \u0aae\u0abe\u0a98 \u0aac\u0abf\u0ab9\u0ac1'), ('2018-01-15', '\u0aa4\u0abf\u0ab0\u0ac1\u0ab5\u0ab2\u0acd\u0ab2\u0ac1\u0ab5\u0ab0 \u0aa6\u0abf\u0ab5\u0ab8 / \u0aae\u0a9f\u0acd\u0a9f\u0ac1 \u0aaa\u0acb\u0a82\u0a97\u0ab2'), ('2018-01-16', '\u0a89\u0a9d\u0abe\u0ab5\u0ab0 \u0aa5\u0abf\u0ab0\u0ac1\u0aa8\u0ab2'), ('2018-01-24', '\u0aaf\u0ac1\u0aaa\u0ac0 \u0ab8\u0acd\u0aa5\u0abe\u0aaa\u0aa8\u0abe \u0aa6\u0abf\u0ab5\u0ab8'), ('2018-01-26', '\u0aaa\u0acd\u0ab0\u0a9c\u0abe\u0ab8\u0aa4\u0acd\u0aa4\u0abe\u0a95 \u0aa6\u0abf\u0ab5\u0ab8'), ('2018-02-13', '\u0aae\u0ab9\u0abe\u0ab6\u0abf\u0ab5\u0ab0\u0abe\u0aa4\u0acd\u0ab0\u0ac0'), ('2018-02-19', '\u0a9b\u0aa4\u0acd\u0ab0\u0aaa\u0aa4\u0abf \u0ab6\u0abf\u0ab5\u0abe\u0a9c\u0ac0 \u0aae\u0ab9\u0abe\u0ab0\u0abe\u0a9c \u0a9c\u0aaf\u0a82\u0aa4\u0abf'), ('2018-02-20', '\u0aae\u0abf\u0a9d\u0acb\u0ab0\u0aae \u0ab0\u0abe\u0a9c\u0acd\u0aaf \u0aa6\u0abf\u0ab5\u0ab8'), ('2018-03-02', '\u0ab9\u0acb\u0ab3\u0ac0'), ('2018-03-18', '\u0a89\u0a97\u0abe\u0aa1\u0ac0; \u0a97\u0ac1\u0aa1\u0ac0 \u0aaa\u0aa1\u0ab5\u0acb'), ('2018-03-22', '\u0aac\u0abf\u0ab9\u0abe\u0ab0 \u0aa6\u0abf\u0ab5\u0ab8'), ('2018-03-25', '\u0aaa\u0abe\u0aae \u0ab8\u0aa8\u0acd\u0aa1\u0ac7; \u0ab0\u0abe\u0aae \u0aa8\u0ab5\u0aae\u0ac0'), ('2018-03-29', '\u0aae\u0ab9\u0abe\u0ab5\u0ac0\u0ab0 \u0a9c\u0aaf\u0a82\u0aa4\u0abf'), ('2018-03-30', '\u0a97\u0ac1\u0aa1 \u0aab\u0acd\u0ab0\u0abe\u0a88\u0aa1\u0ac7; \u0ab0\u0abe\u0a9c\u0ab8\u0acd\u0aa5\u0abe\u0aa8 \u0aa6\u0abf\u0ab5\u0ab8'), ('2018-04-01', '\u0a88\u0ab8\u0acd\u0a9f\u0ab0 \u0ab8\u0aa8\u0acd\u0aa1\u0ac7; \u0a93\u0aa1\u0abf\u0ab6\u0abe \u0aa6\u0abf\u0ab5\u0ab8 (\u0a89\u0aa4\u0acd\u0a95\u0ab2 \u0aa6\u0abf\u0ab5\u0ab8)'), ('2018-04-14', '\u0aa1\u0ac9. \u0aac\u0ac0. \u0a86\u0ab0. \u0a86\u0a82\u0aac\u0ac7\u0aa1\u0a95\u0ab0 \u0a9c\u0aaf\u0a82\u0aa4\u0abf; \u0aaa\u0ac1\u0aa5\u0a82\u0aa1\u0ac1 (\u0aa4\u0aae\u0abf\u0ab2 \u0aa8\u0ab5\u0ac1\u0a82 \u0ab5\u0ab0\u0acd\u0ab7); \u0ab5\u0ac8\u0ab6\u0abe\u0a96\u0ac0'), ('2018-04-15', '\u0aaa\u0acb\u0ab9\u0ac7\u0ab2\u0abe \u0aac\u0acb\u0a88\u0ab6\u0abe\u0a96; \u0aae\u0ab9\u0abe \u0ab5\u0abf\u0ab7\u0ac1\u0ab5 \u0ab8\u0a82\u0a95\u0acd\u0ab0\u0abe\u0a82\u0aa4\u0abf / \u0aaa\u0abe\u0aa8\u0abe \u0ab8\u0a82\u0a95\u0acd\u0ab0\u0abe\u0a82\u0aa4\u0abf; \u0ab9\u0abf\u0aae\u0abe\u0a9a\u0ab2 \u0aa6\u0abf\u0ab5\u0ab8'), ('2018-04-30', '\u0aac\u0ac1\u0aa6\u0acd\u0aa7 \u0aaa\u0ac2\u0ab0\u0acd\u0aa3\u0abf\u0aae\u0abe'), ('2018-05-01', '\u0a97\u0ac1\u0a9c\u0ab0\u0abe\u0aa4 \u0ab8\u0acd\u0aa5\u0abe\u0aaa\u0aa8\u0abe \u0aa6\u0abf\u0ab5\u0ab8; \u0aae\u0a9c\u0ac2\u0ab0 \u0aa6\u0abf\u0ab5\u0ab8; \u0aae\u0ab9\u0abe\u0ab0\u0abe\u0ab7\u0acd\u0a9f\u0acd\u0ab0 \u0aa6\u0abf\u0ab5\u0ab8'), ('2018-05-09', '\u0ab0\u0ab5\u0ac0\u0aa8\u0acd\u0aa6\u0acd\u0ab0 \u0a9c\u0aaf\u0a82\u0aa4\u0abf'), ('2018-05-16', '\u0ab8\u0abf\u0a95\u0acd\u0a95\u0abf\u0aae \u0ab0\u0abe\u0a9c\u0acd\u0aaf \u0aa6\u0abf\u0ab5\u0ab8'), ('2018-06-02', '\u0aa4\u0ac7\u0ab2\u0a82\u0a97\u0abe\u0aa3\u0abe \u0ab8\u0acd\u0aa5\u0abe\u0aaa\u0aa8\u0abe \u0aa6\u0abf\u0ab5\u0ab8'), ('2018-06-16', '\u0a88\u0aa6-\u0a89\u0ab2-\u0aab\u0abf\u0aa4\u0acd\u0ab0; \u0aae\u0ab9\u0abe\u0ab0\u0abe\u0aa3\u0abe \u0aaa\u0acd\u0ab0\u0aa4\u0abe\u0aaa \u0a9c\u0aaf\u0a82\u0aa4\u0abf'), ('2018-08-15', '\u0ab8\u0acd\u0ab5\u0aa4\u0a82\u0aa4\u0acd\u0ab0\u0aa4\u0abe \u0aa6\u0abf\u0ab5\u0ab8'), ('2018-08-16', '\u0aaa\u0ac1\u0aa1\u0ac1\u0a9a\u0ac7\u0ab0\u0ac0 \u0aa1\u0ac0 \u0a9c\u0acd\u0aaf\u0ac1\u0ab0 \u0a9f\u0acd\u0ab0\u0abe\u0aa8\u0acd\u0ab8\u0aab\u0ab0 \u0aa6\u0abf\u0ab5\u0ab8'), ('2018-08-22', '\u0aac\u0a95\u0ab0\u0ac0 \u0a88\u0aa6'), ('2018-08-24', '\u0a93\u0aa3\u0aae'), ('2018-08-26', '\u0ab0\u0a95\u0acd\u0ab7\u0abe\u0aac\u0a82\u0aa7\u0aa8'), ('2018-09-03', '\u0a9c\u0aa8\u0acd\u0aae\u0abe\u0ab7\u0acd\u0a9f\u0aae\u0ac0'), ('2018-09-04', '\u0aa6\u0ab9\u0ac0\u0a82 \u0ab9\u0a82\u0aa1\u0ac0'), ('2018-09-13', '\u0a97\u0aa3\u0ac7\u0ab6 \u0a9a\u0aa4\u0ac1\u0ab0\u0acd\u0aa5\u0ac0'), ('2018-09-21', '\u0aae\u0acb\u0ab9\u0ab0\u0aae'), ('2018-10-02', '\u0a97\u0abe\u0a82\u0aa7\u0ac0 \u0a9c\u0aaf\u0a82\u0aa4\u0abf'), ('2018-10-08', '\u0aac\u0aa5\u0ac1\u0a95\u0aae\u0acd\u0aae\u0abe \u0a89\u0aa4\u0acd\u0ab8\u0ab5'), ('2018-10-10', '\u0aa8\u0ab5\u0ab0\u0abe\u0aa4\u0acd\u0ab0\u0ac0 / \u0ab6\u0ab0\u0aa6 \u0aa8\u0ab5\u0ab0\u0abe\u0aa4\u0acd\u0ab0\u0ac0'), ('2018-10-17', '\u0aae\u0ab9\u0abe\u0aa8\u0ab5\u0aae\u0ac0'), ('2018-10-19', '\u0aa6\u0ab6\u0ac7\u0ab0\u0abe'), ('2018-10-31', '\u0ab8\u0ab0\u0aa6\u0abe\u0ab0 \u0ab5\u0ab2\u0acd\u0ab2\u0aad\u0aad\u0abe\u0a88 \u0aaa\u0a9f\u0ac7\u0ab2 \u0a9c\u0aaf\u0a82\u0aa4\u0abf'), ('2018-11-01', '\u0a86\u0a82\u0aa7\u0acd\u0ab0 \u0aaa\u0acd\u0ab0\u0aa6\u0ac7\u0ab6 \u0ab8\u0acd\u0aa5\u0abe\u0aaa\u0aa8\u0abe \u0aa6\u0abf\u0ab5\u0ab8; \u0a95\u0ab0\u0acd\u0aa3\u0abe\u0a9f\u0a95 \u0ab0\u0abe\u0a9c\u0acd\u0aaf\u0acb\u0aa4\u0acd\u0ab8\u0ab5; \u0a95\u0ac7\u0ab0\u0ab3 \u0ab8\u0acd\u0aa5\u0abe\u0aaa\u0aa8\u0abe \u0aa6\u0abf\u0ab5\u0ab8; \u0a9b\u0aa4\u0acd\u0aa4\u0ac0\u0ab8\u0a97\u0aa2 \u0ab8\u0acd\u0aa5\u0abe\u0aaa\u0aa8\u0abe \u0aa6\u0abf\u0ab5\u0ab8; \u0aaa\u0a82\u0a9c\u0abe\u0aac \u0aa6\u0abf\u0ab5\u0ab8; \u0aaa\u0ac1\u0aa1\u0ac1\u0a9a\u0ac7\u0ab0\u0ac0 \u0aae\u0ac1\u0a95\u0acd\u0aa4\u0abf \u0aa6\u0abf\u0ab5\u0ab8; \u0aae\u0aa7\u0acd\u0aaf \u0aaa\u0acd\u0ab0\u0aa6\u0ac7\u0ab6 \u0ab8\u0acd\u0aa5\u0abe\u0aaa\u0aa8\u0abe \u0aa6\u0abf\u0ab5\u0ab8; \u0ab9\u0ab0\u0abf\u0aaf\u0abe\u0aa3\u0abe \u0ab8\u0acd\u0aa5\u0abe\u0aaa\u0aa8\u0abe \u0aa6\u0abf\u0ab5\u0ab8'), ('2018-11-07', '\u0aa6\u0abf\u0ab5\u0abe\u0ab3\u0ac0'), ('2018-11-08', '\u0a97\u0acb\u0ab5\u0ab0\u0acd\u0aa7\u0aa8 \u0aaa\u0ac2\u0a9c\u0abe'), ('2018-11-13', '\u0a9b\u0aa0 \u0aaa\u0ac2\u0a9c\u0abe'), ('2018-11-14', '\u0aac\u0abe\u0ab3 \u0aa6\u0abf\u0ab5\u0ab8'), ('2018-11-15', '\u0a9d\u0abe\u0ab0\u0a96\u0a82\u0aa1 \u0ab8\u0acd\u0aa5\u0abe\u0aaa\u0aa8\u0abe \u0aa6\u0abf\u0ab5\u0ab8'), ('2018-11-21', '\u0aae\u0abf\u0ab2\u0abe\u0aa6-\u0a89\u0aa8-\u0aa8\u0aac\u0ac0'), ('2018-11-23', '\u0a97\u0ac1\u0ab0\u0ac1 \u0aa8\u0abe\u0aa8\u0a95 \u0a9c\u0aaf\u0a82\u0aa4\u0abf'), ('2018-12-01', '\u0aa8\u0abe\u0a97\u0abe\u0ab2\u0ac7\u0aa8\u0acd\u0aa1 \u0ab0\u0abe\u0a9c\u0acd\u0aaf \u0a89\u0aa6\u0acd\u0a98\u0abe\u0a9f\u0aa8 \u0aa6\u0abf\u0ab5\u0ab8'), ('2018-12-02', '\u0a86\u0ab8\u0abe\u0aae \u0aa6\u0abf\u0ab5\u0ab8'), ('2018-12-19', '\u0a97\u0acb\u0ab5\u0abe \u0aae\u0ac1\u0a95\u0acd\u0aa4\u0abf \u0aa6\u0abf\u0ab5\u0ab8'), ('2018-12-25', '\u0aa8\u0abe\u0aa4\u0abe\u0ab2'))
=========================== short test summary info ===========================
FAILED tests/countries/test_india.py::TestIndia::test_l10n_gu - AssertionErro...
======================== 1 failed, 28 passed in 21.43s ========================
